// Jest Snapshot v1, https://goo.gl/fbAQLP

exports[`Render Test 1: expect rendering correct 1`] = `
.c0 {
  display: -webkit-box;
  display: -webkit-flex;
  display: -ms-flexbox;
  display: flex;
  -webkit-flex-direction: column;
  -ms-flex-direction: column;
  flex-direction: column;
  -webkit-box-pack: center;
  -webkit-justify-content: center;
  -ms-flex-pack: center;
  justify-content: center;
  -webkit-align-items: center;
  -webkit-box-align: center;
  -ms-flex-align: center;
  align-items: center;
  width: 100%;
  font-size: 28px;
  font-weight: bold;
  position: fixed;
  bottom: 0;
  left: 0;
  background-color: white;
  border-top: solid 1px black;
  padding: 20px 0;
}

.c1 {
  text-align: center;
  width: 200px;
  height: 40px;
  border: solid 1px black;
  box-sizing: border-box;
  font-size: 24px;
  margin-bottom: 10px;
}

.c3 {
  width: 150px;
  height: 40px;
  font-size: 24px;
}

.c3:hover {
  cursor: pointer;
}

.c3:first-child {
  margin-right: 20px;
}

.c2 {
  display: -webkit-box;
  display: -webkit-flex;
  display: -ms-flexbox;
  display: flex;
}

<div>
  <div
    class="c0"
  >
    <input
      class="c1"
      data-testid="input"
      inputmode="numeric"
      maxlength="8"
      placeholder="Type Here"
      type="text"
      value=""
    />
    <div
      class="c2"
    >
      <button
        class="c3"
        data-testid="submit"
        disabled=""
      >
        Submit
      </button>
      <button
        class="c3"
        data-testid="reset"
      >
        Reset
      </button>
    </div>
  </div>
</div>
`;
