// Jest Snapshot v1, https://goo.gl/fbAQLP

exports[`Render Test case: expect rendering correct 1`] = `
.c0 {
  display: -webkit-box;
  display: -webkit-flex;
  display: -ms-flexbox;
  display: flex;
  -webkit-flex-direction: column;
  -ms-flex-direction: column;
  flex-direction: column;
  -webkit-box-pack: center;
  -webkit-justify-content: center;
  -ms-flex-pack: center;
  justify-content: center;
  -webkit-align-items: center;
  -webkit-box-align: center;
  -ms-flex-align: center;
  align-items: center;
  width: 100%;
  position: fixed;
  top: 0;
  left: 0;
  background-color: white;
  border-bottom: solid 1px black;
}

.c1 {
  font-size: 28px;
  font-weight: bold;
}

.c2 {
  display: -webkit-box;
  display: -webkit-flex;
  display: -ms-flexbox;
  display: flex;
  -webkit-align-items: center;
  -webkit-box-align: center;
  -ms-flex-align: center;
  align-items: center;
  margin: 20px 0;
}

.c4 {
  display: -webkit-box;
  display: -webkit-flex;
  display: -ms-flexbox;
  display: flex;
  -webkit-box-pack: center;
  -webkit-justify-content: center;
  -ms-flex-pack: center;
  justify-content: center;
  -webkit-align-items: center;
  -webkit-box-align: center;
  -ms-flex-align: center;
  align-items: center;
  width: 300px;
  height: 50px;
  border: dotted 1px black;
  box-sizing: border-box;
  font-size: 24px;
  margin-left: 20px;
}

@media screen and (max-width:768px) {
  .c2 {
    -webkit-flex-direction: column;
    -ms-flex-direction: column;
    flex-direction: column;
  }
}

@media screen and (max-width:768px) {
  .c3 {
    display: none;
  }
}

<div>
  <div
    class="c0"
  >
    <div
      class="c1"
    >
      Guess The Password
    </div>
    <div
      class="c2"
    >
      Hint
      <div
        class="c3"
      >
        --------&gt;
      </div>
      <div
        class="c4"
      >
        correct
        highlight
        hint
        test
        answer
        1111
      </div>
    </div>
  </div>
</div>
`;
