// Jest Snapshot v1, https://goo.gl/fbAQLP

exports[`Render Test case: expect rendering correct 1`] = `
.c0 {
  display: -webkit-box;
  display: -webkit-flex;
  display: -ms-flexbox;
  display: flex;
  -webkit-box-pack: justify;
  -webkit-justify-content: space-between;
  -ms-flex-pack: justify;
  justify-content: space-between;
  height: 100%;
}

.c2 {
  font-size: 30px;
  font-weight: bold;
  margin: 10px;
}

.c1 {
  display: -webkit-box;
  display: -webkit-flex;
  display: -ms-flexbox;
  display: flex;
  -webkit-flex-direction: column;
  -ms-flex-direction: column;
  flex-direction: column;
  -webkit-box-pack: start;
  -webkit-justify-content: flex-start;
  -ms-flex-pack: start;
  justify-content: flex-start;
  -webkit-align-items: center;
  -webkit-box-align: center;
  -ms-flex-align: center;
  align-items: center;
  padding-top: 5%;
  width: 49%;
  border: 1px solid black;
}

.c3 {
  border: 1px dashed #000;
  border-radius: 10px;
  padding: 20px;
  background-color: #fafbfa;
  min-width: 225px;
  min-height: 205px;
}

<div>
  <div
    class="c0"
  >
    <div
      class="c1"
    >
      <div
        class="c2"
      >
        Results
      </div>
      <div
        class="c3"
      >
        <div
          data-testid="loading"
        >
          Loading...
        </div>
      </div>
    </div>
    <div
      class="c1"
    >
      <div
        class="c2"
      >
        Saved Properties
      </div>
      <div
        class="c3"
      >
        <div
          data-testid="loading"
        >
          Loading...
        </div>
      </div>
    </div>
  </div>
</div>
`;
