// Jest Snapshot v1, https://goo.gl/fbAQLP

exports[`Route Test Route Test 1`] = `
<div
  className="App"
>
  <div
    className="sc-bqGGPW ikyQLK"
  >
    <div
      className="sc-jSFjdj ATQMM"
    >
      <div
        className="sc-gKAaRy hUdYir"
      >
        Guess The Password
      </div>
      <div
        className="sc-iCoGMd goJYTe"
      >
        Hint
        <div
          className="sc-fujyAs esqbkv"
        >
          --------&gt;
        </div>
        <div
          className="sc-pNWdM fsRUDu"
        >
          
        </div>
      </div>
    </div>
    <div
      className="sc-ksluID dkJTen"
    >
      <div
        className="sc-bdnxRM dUuamg"
      />
    </div>
    <div
      className="sc-jrsJWt cjfHrb"
    >
      <input
        className="sc-kEqXSa dEJNTC"
        data-testid="input"
        inputMode="numeric"
        maxLength="8"
        onBlur={[Function]}
        onChange={[Function]}
        onFocus={[Function]}
        onKeyDown={[Function]}
        onMouseUp={[Function]}
        placeholder="Type Here"
        type="text"
        value=""
      />
      <div
        className="sc-crzoAE bKzEsk"
      >
        <button
          className="sc-iqAclL hOuSEi"
          data-testid="submit"
          disabled={true}
          onClick={[Function]}
        >
          Submit
        </button>
        <button
          className="sc-iqAclL hOuSEi"
          data-testid="reset"
          onClick={[Function]}
        >
          Reset
        </button>
      </div>
    </div>
  </div>
</div>
`;
